
   PASS  Tests\Unit\ExampleTest
  ✓ that true is true
